// Jest Snapshot v1, https://goo.gl/fbAQLP

exports[`ArticleCard renders correctly 1`] = `
<div
  className="mb-2 bg-gray-50 px-4 py-10 shadow-lg dark:bg-gray-800 sm:rounded-xl sm:p-5"
>
  <a
    className="has-text-black"
    href="/20211223-imas-mokumoku/"
    itemProp="url"
  >
    <article
      className="media"
      itemScope={true}
      itemType="http://schema.org/Article"
    >
      <div
        className=""
      >
        <div
          className="mb-2 text-2xl"
        >
          アイマスもくもく会2021年まとめ
        </div>
        <div
          className="mb-2 text-sm"
        >
          December 23, 2021
        </div>
        <div
          className="mb-2"
        >
          <span
            className="mr-1 rounded bg-emerald-800 py-1 px-2 text-sm text-gray-100"
          >
            アイマス
          </span>
        </div>
        <div
          className="text-base"
          dangerouslySetInnerHTML={
            Object {
              "__html": "2021年もアイマスもくもく会でしたよ",
            }
          }
          itemProp="description"
        />
      </div>
    </article>
  </a>
</div>
`;
