// Jest Snapshot v1, https://goo.gl/fbAQLP

exports[`bio renders correctly 1`] = `
<div
  className="px-4 py-10 bg-gray-50 dark:bg-gray-900 shadow-lg sm:rounded-xl sm:p-5"
>
  <div
    className="flex space-x-4"
  >
    <div
      className="flex-none"
    />
    <div
      className="flex-1"
    >
      <div>
        <p>
          <strong>
            Yuta Goto
          </strong>
          <br />
          エンジニアです。
        </p>
      </div>
      <div
        className="flex space-x-4"
      >
        <a
          area-label="twitter"
          className=""
          href="https://twitter.com/gggooottto"
          rel="noreferrer noopener"
          target="_blank"
        >
          <span
            className="icon"
          >
            <i
              aria-hidden="true"
              className="fab fa-twitter"
            />
          </span>
        </a>
        <a
          area-label="github"
          className=""
          href="https://github.com/YutaGoto"
          rel="noreferrer noopener"
          target="_blank"
        >
          <span
            className="icon"
          >
            <i
              aria-hidden="true"
              className="fab fa-github"
            />
          </span>
        </a>
      </div>
    </div>
  </div>
</div>
`;
