// Jest Snapshot v1, https://goo.gl/fbAQLP

exports[`bio renders correctly 1`] = `
<div
  className="mb-2 bg-gray-50 p-5 shadow-lg dark:bg-gray-800 sm:rounded-xl "
>
  <div
    className="flex space-x-4"
  >
    <div
      className="flex-none"
    />
    <div
      className="flex flex-1 flex-col space-y-3"
    >
      <div>
        <p
          className="mb-2 text-3xl"
        >
          Yuta Goto
        </p>
        <p
          className="text-xl"
        >
          エンジニアです。
        </p>
      </div>
      <div
        className="flex flex-1 space-x-6"
      >
        <a
          className="object-bottom"
          href="https://twitter.com/gggooottto"
          rel="noreferrer noopener"
          target="_blank"
        >
          <span
            className="icon"
          >
            <i
              aria-hidden="true"
              className="fab fa-twitter fa-lg"
            />
          </span>
        </a>
        <a
          className="object-bottom"
          href="https://github.com/YutaGoto"
          rel="noreferrer noopener"
          target="_blank"
        >
          <span
            className="icon"
          >
            <i
              aria-hidden="true"
              className="fab fa-github fa-lg"
            />
          </span>
        </a>
      </div>
    </div>
  </div>
</div>
`;
